HI-TECH Software C Compiler 

Linker command line:

--edf=C:\Program Files (x86)\HI-TECH Software\PICC\9.83\dat\en_msgs.txt -cs \
  -h+LCD.sym -z -Q16F877A -ol.obj -MLCD.map -E1 -ACONST=00h-0FFhx32 \
  -ACODE=00h-07FFhx4 -ASTRCODE=00h-01FFFh -AENTRY=00h-0FFhx32 \
  -ASTRING=00h-0FFhx32 -ABANK0=020h-06Fh -ABANK1=0A0h-0EFh \
  -ABANK2=0110h-016Fh -ABANK3=0190h-01EFh \
  -ARAM=020h-06Fh,0A0h-0EFh,0110h-016Fh,0190h-01EFh \
  -AABS1=020h-07Fh,0A0h-0EFh,0110h-016Fh,0190h-01EFh -ACOMMON=070h-07Fh \
  -ASFR0=00h-01Fh -ASFR1=080h-09Fh -ASFR2=0100h-010Fh -ASFR3=0180h-018Fh \
  -preset_vec=00h,intentry,init,end_init -ppowerup=CODE -pfunctab=CODE \
  -ACONFIG=02007h-02007h -pconfig=CONFIG -DCONFIG=2 -AIDLOC=02000h-02003h \
  -pidloc=IDLOC -DIDLOC=2 -AEEDATA=00h-0FFh/02100h -peeprom_data=EEDATA \
  -DEEDATA=2 -DCODE=2 -DSTRCODE=2 -DSTRING=2 -DCONST=2 -DENTRY=2 -k \
  startup.obj LCD.obj 

Object code version is 3.10

Machine type is 16F877A



                Name                               Link     Load   Length Selector   Space Scale
startup.obj     end_init                              0        0        3        0       0
LCD.obj         config                             2007     2007        1     400E       0
                text72                              732      732       CE      E64       0
                maintext                            721      721       11      E42       0
                cstackCOMMON                         70       70        6       70       1
                cinit                               71D      71D        4      E3A       0
                strings                               3        3       13        6       0

TOTAL           Name                               Link     Load   Length     Space
        CLASS   CONST          

        CLASS   CODE           
                end_init                              0        0        3         0
                text72                              732      732       CE         0
                maintext                            721      721       11         0
                cinit                               71D      71D        4         0

        CLASS   STRCODE        

        CLASS   ENTRY          

        CLASS   STRING         
                strings                               3        3       13         0

        CLASS   BANK0          

        CLASS   BANK1          

        CLASS   BANK2          

        CLASS   BANK3          

        CLASS   RAM            

        CLASS   ABS1           
                abs_s1                               7E       7E        2         1

        CLASS   COMMON         
                cstackCOMMON                         70       70        6         1

        CLASS   SFR0           

        CLASS   SFR1           

        CLASS   SFR2           

        CLASS   SFR3           

        CLASS   CONFIG         
                config                             2007     2007        1         0

        CLASS   IDLOC          

        CLASS   EEDATA         



SEGMENTS        Name                           Load    Length   Top    Selector   Space  Class     Delta

                reset_vec                      000000  000003  000003         0       0  CODE        2
                strings                        000003  000013  000016         6       0  STRING      2
                cstackCOMMON                   000070  000006  000076        70       1  COMMON      1
                cinit                          00071D  000004  000721       E3A       0  CODE        2
                maintext                       000721  000011  000732       E42       0  CODE        2
                text72                         000732  0000CE  000800       E64       0  CODE        2
                config                         002007  000001  002008      400E       0  CONFIG      2


UNUSED ADDRESS RANGES

        Name                Unused          Largest block    Delta
        BANK0            0020-006F             50           1
        BANK1            00A0-00EF             50           1
        BANK2            0110-016F             60           1
        BANK3            0190-01EF             60           1
        CODE             0016-071C            707           2
                         0800-1FFF            800
        COMMON           0076-007D              8           1
        CONST            0016-071C            100           2
                         0800-1FFF            100
        EEDATA           2100-21FF            100           2
        ENTRY            0016-071C            100           2
                         0800-1FFF            100
        IDLOC            2000-2003              4           2
        RAM              0020-006F             50           1
                         00A0-00EF             50
                         0110-016F             60
                         0190-01EF             60
        SFR0             0000-001F             20           1
        SFR1             0080-009F             20           1
        SFR2             0100-010F             10           1
        SFR3             0180-018F             10           1
        STRCODE          0016-071C            707           2
                         0800-1FFF           1800
        STRING           0016-071C            100           2
                         0800-1FFF            100

                                  Symbol Table

??_ClearLCDScreen           cstackCOMMON 0073
??_InitLCD                  cstackCOMMON 0073
??_ToggleEpinOfLCD          cstackCOMMON 0070
??_WriteCommandToLCD        cstackCOMMON 0072
??_WriteDataToLCD           cstackCOMMON 0072
??_WriteStringToLCD         cstackCOMMON 0073
??_main                     cstackCOMMON 0076
?_ClearLCDScreen            cstackCOMMON 0070
?_InitLCD                   cstackCOMMON 0070
?_ToggleEpinOfLCD           cstackCOMMON 0070
?_WriteCommandToLCD         cstackCOMMON 0070
?_WriteDataToLCD            cstackCOMMON 0070
?_WriteStringToLCD          cstackCOMMON 0070
?_main                      cstackCOMMON 0070
WriteCommandToLCD@Command   cstackCOMMON 0072
WriteDataToLCD@LCDChar      cstackCOMMON 0072
WriteStringToLCD@s          cstackCOMMON 0073
_ClearLCDScreen             text72       0732
_InitLCD                    text72       0769
_PORTB                      (abs)        0006
_RB0                        (abs)        0030
_RB1                        (abs)        0031
_RB4                        (abs)        0034
_RB5                        (abs)        0035
_RB6                        (abs)        0036
_RB7                        (abs)        0037
_TRISB0                     (abs)        0430
_TRISB1                     (abs)        0431
_TRISB4                     (abs)        0434
_TRISB5                     (abs)        0435
_TRISB6                     (abs)        0436
_TRISB7                     (abs)        0437
_ToggleEpinOfLCD            text72       07C7
_WriteCommandToLCD          text72       07DD
_WriteDataToLCD             text72       0757
_WriteStringToLCD           text72       0740
__Habs1                     abs1         0000
__Hbank0                    bank0        0000
__Hbank1                    bank1        0000
__Hbank2                    bank2        0000
__Hbank3                    bank3        0000
__Hcinit                    cinit        0000
__Hclrtext                  clrtext      0000
__Hcode                     code         0000
__Hcommon                   common       0000
__Hconfig                   config       2008
__HcstackCOMMON             cstackCOMMON 0000
__Heeprom_data              eeprom_data  0000
__Hend_init                 end_init     0003
__Hfunctab                  functab      0000
__Hidloc                    idloc        0000
__Hinit                     init         0000
__Hintentry                 intentry     0000
__Hmaintext                 maintext     0000
__Hpa_nodes                 pa_nodes     0000
__Hpowerup                  powerup      0000
__Hram                      ram          0000
__Hreset_vec                reset_vec    0000
__Hsfr0                     sfr0         0000
__Hsfr1                     sfr1         0000
__Hsfr2                     sfr2         0000
__Hsfr3                     sfr3         0000
__Hstrings                  strings      0000
__Htext                     text         0000
__Labs1                     abs1         0000
__Lbank0                    bank0        0000
__Lbank1                    bank1        0000
__Lbank2                    bank2        0000
__Lbank3                    bank3        0000
__Lcinit                    cinit        0000
__Lclrtext                  clrtext      0000
__Lcode                     code         0000
__Lcommon                   common       0000
__Lconfig                   config       2007
__LcstackCOMMON             cstackCOMMON 0000
__Leeprom_data              eeprom_data  0000
__Lend_init                 end_init     0000
__Lfunctab                  functab      0000
__Lidloc                    idloc        0000
__Linit                     init         0000
__Lintentry                 intentry     0000
__Lmaintext                 maintext     0000
__Lpa_nodes                 pa_nodes     0000
__Lpowerup                  powerup      0000
__Lram                      ram          0000
__Lreset_vec                reset_vec    0000
__Lsfr0                     sfr0         0000
__Lsfr1                     sfr1         0000
__Lsfr2                     sfr2         0000
__Lsfr3                     sfr3         0000
__Lstrings                  strings      0000
__Ltext                     text         0000
__S0                        (abs)        2008
__S1                        (abs)        0076
__S2                        (abs)        0000
__end_of_ClearLCDScreen     text72       0740
__end_of_InitLCD            text72       07C7
__end_of_ToggleEpinOfLCD    text72       07DD
__end_of_WriteCommandToLCD  text72       07EF
__end_of_WriteDataToLCD     text72       0769
__end_of_WriteStringToLCD   text72       0757
__end_of_main               maintext     0732
__pcstackCOMMON             cstackCOMMON 0070
__pmaintext                 maintext     0721
__pstrings                  strings      0003
__ptext71                   text71       0000
__ptext72                   text72       0732
__ptext73                   text72       0740
__ptext74                   text72       0769
__ptext75                   text72       0757
__ptext76                   text72       07DD
__ptext77                   text72       07C7
__ptext78                   text78       0000
__size_of_ClearLCDScreen    (abs)        0000
__size_of_InitLCD           (abs)        0000
__size_of_ToggleEpinOfLCD   (abs)        0000
__size_of_WriteCommandToLCD (abs)        0000
__size_of_WriteDataToLCD    (abs)        0000
__size_of_WriteStringToLCD  (abs)        0000
__size_of_main              (abs)        0000
_exit                       init         0000
_main                       maintext     0721
btemp                       (abs)        007E
end_of_initialization       cinit        071D
intlevel0                   functab      0000
intlevel1                   functab      0000
intlevel2                   functab      0000
intlevel3                   functab      0000
intlevel4                   functab      0000
intlevel5                   functab      0000
l2448                                        
l2450                                        
l2452                                        
l2454                                        
l2456                                        
l2458                                        
l2460                                        
l2462                                        
l2464                                        
l2466                                        
l2468                                        
l2470                                        
l2472                                        
l2474                                        
l2476                                        
l2478                                        
l2480                                        
l2482                                        
l2484                                        
l2486                                        
l2488                                        
l2490                                        
l2492                                        
l2494                                        
l2496                                        
l2498                                        
l2500                                        
l2502                                        
l2504                                        
l2506                                        
l2508                                        
l2510                                        
l2512                                        
l2514                                        
l2516                                        
l2520                                        
l2524                                        
l2526                                        
l2528                                        
l2530                                        
l687                                         
l690                                         
l693                                         
l696                                         
l702                                         
l705                                         
reset_vec                   reset_vec    0000
start                       init         0000
start_initialization        cinit        071D
wtemp0                      (abs)        007E
